{"ProviderId":3,"IntegrationKey":"aa28dc289d6c408a94978c959e813cce","Entry":{"Id":"3","FormCode":"PilotoR1","FormVersion":1,"UserFirstName":"Diego","UserLastName":"Calzadilla","UserEmail":"diegocalzadi@gmail.com","Latitude":-36.743709915352,"Longitude":-73.003149256178,"StartTime":"2017-04-17T01:25:57.0000000Z","ReceivedTime":"2017-04-17T01:27:53.4370000Z","CompleteTime":"2017-04-17T01:27:15.0000000Z","AnswersJson":{"ADD_WORK_PAGE":{"WORK":"Cambio de caps 2","SUBWORK":"Marcado de Caps 6","EQUIPMENT":"Caldera","IDENTIFICATION_EQUIPMENT":"Poder","LOCALIZATION_EQUIPMENT":"Economizador II piso 6\u00b0, Buz\u00f3n Eco 2","BLOCK_SYSTEM":"Vapor","DATE_START_PROGRAMMED":"12\/04\/2017","DATE_END_PROGRAMMED":"15\/04\/2017","DATE_START_REAL":"2017-04-17T01:26:00Z","DATE_END_REAL":"2017-04-16T03:26:00Z","POOP":"60","OBSERVATIONS":"Hola","NEXT_PAGE_FORM_W":null},"TURNS_PAGE":{"S_TURN_DAY":"Mario Vidal","S_TURN_NIGHT":"Marcelino Vasquez","I_P_TURN_DAY":"Jaime Urra","I_P_TURN_NIGHT":"Victor Cortes"},"PHOTOS":{"PHOTO1":"170417012702917577.jpg","DESCRIPTION_PHOTO1":"Asusg","PHOTO2":null,"DESCRIPTION_PHOTO2":null,"PHOTO3":null,"DESCRIPTION_PHOTO3":null,"VIDEO":null,"DESCRIPTION_VIDEO":null,"NEXT_PAGE_FORM_P":null}},"ProviderId":0,"DSRowId":"77fdd639-ef78-4d0f-a62b-a75800179c3e"}}